{
    "f1": 100,
    "f2": 88,
    "f3": 72,
    "f4": 41,
    "f5": 4
}